=== bin.dat ===
Binary file, not commentable.

=== crlf.txt ===
You may only comment on these line numbers: 1-3

       1 |   c1
       2 | + c2 changed
       3 |   c3
  Removed in this PR (old line numbers, do not anchor to these):
  - 2: c2

=== delete_me.txt ===
File deleted in this PR, not commentable.

=== eof.txt ===
You may only comment on these line numbers: 1-4

       1 |   e1
       2 |   e2
       3 |   e3
       4 | + e4 added

=== multi.txt ===
You may only comment on these line numbers: 1-11

       1 |   line1
       2 | + line2 changed
       3 |   line3
       4 |   line4
       5 |   line5
       6 |   line6
       7 |   line7
       8 | + line8 changed
       9 | + new line 8.5
      10 |   line9
      11 |   line10
  Removed in this PR (old line numbers, do not anchor to these):
  - 2: line2
  - 8: line8

=== newfile.txt ===
You may only comment on these line numbers: 1-3

       1 | + brand
       2 | + new
       3 | + file

=== nonewline.txt ===
You may only comment on these line numbers: 1-2

       1 |   n1
       2 | + n2 changed
  Removed in this PR (old line numbers, do not anchor to these):
  - 2: n2

=== renamed.txt ===
Renamed from rename_src.txt
No commentable lines in this file.

=== renamed_edited.txt ===
Renamed from rename_edit_src.txt
You may only comment on these line numbers: 1-4

       1 |   r1
       2 | + r2 changed
       3 |   r3
       4 |   r4
  Removed in this PR (old line numbers, do not anchor to these):
  - 2: r2

=== top.txt ===
You may only comment on these line numbers: 1-3

       1 | + FIRST
       2 |   second
       3 |   third
  Removed in this PR (old line numbers, do not anchor to these):
  - 1: first

